Wed Nov 19 15:51:55 UTC 2025 - Actualización automática
Wed Nov 19 18:14:15 UTC 2025 - Actualización automática
Thu Nov 20 03:07:07 UTC 2025 - Actualización automática
Thu Nov 20 14:15:50 UTC 2025 - Actualización automática
Thu Nov 20 18:14:08 UTC 2025 - Actualización automática
Fri Nov 21 03:07:54 UTC 2025 - Actualización automática
Fri Nov 21 14:15:26 UTC 2025 - Actualización automática
Fri Nov 21 18:14:05 UTC 2025 - Actualización automática
Sat Nov 22 03:01:17 UTC 2025 - Actualización automática
Sat Nov 22 14:12:50 UTC 2025 - Actualización automática
Sat Nov 22 18:12:18 UTC 2025 - Actualización automática
Sun Nov 23 03:24:26 UTC 2025 - Actualización automática
Sun Nov 23 14:12:53 UTC 2025 - Actualización automática
Sun Nov 23 18:12:31 UTC 2025 - Actualización automática
Mon Nov 24 03:21:01 UTC 2025 - Actualización automática
Mon Nov 24 14:16:06 UTC 2025 - Actualización automática
Mon Nov 24 18:15:00 UTC 2025 - Actualización automática
Tue Nov 25 03:11:57 UTC 2025 - Actualización automática
Tue Nov 25 14:16:16 UTC 2025 - Actualización automática
Tue Nov 25 18:15:09 UTC 2025 - Actualización automática
Wed Nov 26 03:12:07 UTC 2025 - Actualización automática
Wed Nov 26 14:16:39 UTC 2025 - Actualización automática
Wed Nov 26 18:12:25 UTC 2025 - Actualización automática
Thu Nov 27 03:08:40 UTC 2025 - Actualización automática
Thu Nov 27 14:15:45 UTC 2025 - Actualización automática
Thu Nov 27 18:13:27 UTC 2025 - Actualización automática
Fri Nov 28 03:08:20 UTC 2025 - Actualización automática
Fri Nov 28 14:15:42 UTC 2025 - Actualización automática
Fri Nov 28 18:13:17 UTC 2025 - Actualización automática
Sat Nov 29 03:08:51 UTC 2025 - Actualización automática
Sat Nov 29 14:13:24 UTC 2025 - Actualización automática
Sat Nov 29 18:12:26 UTC 2025 - Actualización automática
Sun Nov 30 03:23:41 UTC 2025 - Actualización automática
Sun Nov 30 14:13:29 UTC 2025 - Actualización automática
Sun Nov 30 18:12:40 UTC 2025 - Actualización automática
Mon Dec  1 03:47:46 UTC 2025 - Actualización automática
Mon Dec  1 14:17:01 UTC 2025 - Actualización automática
Mon Dec  1 18:15:55 UTC 2025 - Actualización automática
Tue Dec  2 03:15:44 UTC 2025 - Actualización automática
Tue Dec  2 14:17:20 UTC 2025 - Actualización automática
Tue Dec  2 18:15:39 UTC 2025 - Actualización automática
Wed Dec  3 03:14:22 UTC 2025 - Actualización automática
Wed Dec  3 14:16:48 UTC 2025 - Actualización automática
Wed Dec  3 18:14:52 UTC 2025 - Actualización automática
Thu Dec  4 03:16:25 UTC 2025 - Actualización automática
Thu Dec  4 14:17:35 UTC 2025 - Actualización automática
Thu Dec  4 18:15:38 UTC 2025 - Actualización automática
Fri Dec  5 03:16:15 UTC 2025 - Actualización automática
Fri Dec  5 14:16:33 UTC 2025 - Actualización automática
Fri Dec  5 18:12:35 UTC 2025 - Actualización automática
Sat Dec  6 03:06:35 UTC 2025 - Actualización automática
Sat Dec  6 14:13:06 UTC 2025 - Actualización automática
Sat Dec  6 18:12:23 UTC 2025 - Actualización automática
Sun Dec  7 03:24:08 UTC 2025 - Actualización automática
Sun Dec  7 14:13:28 UTC 2025 - Actualización automática
Sun Dec  7 18:12:54 UTC 2025 - Actualización automática
Mon Dec  8 03:18:39 UTC 2025 - Actualización automática
Mon Dec  8 14:17:08 UTC 2025 - Actualización automática
Mon Dec  8 18:15:23 UTC 2025 - Actualización automática
Tue Dec  9 03:16:01 UTC 2025 - Actualización automática
Tue Dec  9 14:17:48 UTC 2025 - Actualización automática
Tue Dec  9 18:12:43 UTC 2025 - Actualización automática
Wed Dec 10 03:19:48 UTC 2025 - Actualización automática
Wed Dec 10 14:18:20 UTC 2025 - Actualización automática
Wed Dec 10 18:15:26 UTC 2025 - Actualización automática
Thu Dec 11 03:21:44 UTC 2025 - Actualización automática
Thu Dec 11 14:19:09 UTC 2025 - Actualización automática
Thu Dec 11 18:13:10 UTC 2025 - Actualización automática
Fri Dec 12 03:20:50 UTC 2025 - Actualización automática
Fri Dec 12 14:15:29 UTC 2025 - Actualización automática
Fri Dec 12 18:15:08 UTC 2025 - Actualización automática
Sat Dec 13 03:12:47 UTC 2025 - Actualización automática
Sat Dec 13 14:13:52 UTC 2025 - Actualización automática
Sat Dec 13 18:12:28 UTC 2025 - Actualización automática
Sun Dec 14 03:25:53 UTC 2025 - Actualización automática
Sun Dec 14 14:14:19 UTC 2025 - Actualización automática
Sun Dec 14 18:13:30 UTC 2025 - Actualización automática
Mon Dec 15 03:27:14 UTC 2025 - Actualización automática
Mon Dec 15 14:20:48 UTC 2025 - Actualización automática
Mon Dec 15 18:15:44 UTC 2025 - Actualización automática
Tue Dec 16 03:21:20 UTC 2025 - Actualización automática
Tue Dec 16 14:19:49 UTC 2025 - Actualización automática
Tue Dec 16 18:15:27 UTC 2025 - Actualización automática
Wed Dec 17 03:17:12 UTC 2025 - Actualización automática
Wed Dec 17 14:17:33 UTC 2025 - Actualización automática
Wed Dec 17 18:16:09 UTC 2025 - Actualización automática
Thu Dec 18 03:18:00 UTC 2025 - Actualización automática
Thu Dec 18 14:18:47 UTC 2025 - Actualización automática
Thu Dec 18 18:15:21 UTC 2025 - Actualización automática
Fri Dec 19 03:21:03 UTC 2025 - Actualización automática
Fri Dec 19 14:16:40 UTC 2025 - Actualización automática
Fri Dec 19 18:14:32 UTC 2025 - Actualización automática
Sat Dec 20 03:12:35 UTC 2025 - Actualización automática
Sat Dec 20 14:13:56 UTC 2025 - Actualización automática
Sat Dec 20 18:12:37 UTC 2025 - Actualización automática
Sun Dec 21 03:26:25 UTC 2025 - Actualización automática
Sun Dec 21 14:14:23 UTC 2025 - Actualización automática
Sun Dec 21 18:13:23 UTC 2025 - Actualización automática
Mon Dec 22 03:29:05 UTC 2025 - Actualización automática
Mon Dec 22 14:16:49 UTC 2025 - Actualización automática
Mon Dec 22 18:14:53 UTC 2025 - Actualización automática
Tue Dec 23 03:23:38 UTC 2025 - Actualización automática
Tue Dec 23 14:16:30 UTC 2025 - Actualización automática
Tue Dec 23 18:15:07 UTC 2025 - Actualización automática
Wed Dec 24 03:21:10 UTC 2025 - Actualización automática
Wed Dec 24 14:15:20 UTC 2025 - Actualización automática
Wed Dec 24 18:14:33 UTC 2025 - Actualización automática
Thu Dec 25 03:23:53 UTC 2025 - Actualización automática
Thu Dec 25 14:15:40 UTC 2025 - Actualización automática
Thu Dec 25 18:14:13 UTC 2025 - Actualización automática
Fri Dec 26 03:21:52 UTC 2025 - Actualización automática
Fri Dec 26 14:15:53 UTC 2025 - Actualización automática
Fri Dec 26 18:14:13 UTC 2025 - Actualización automática
Sat Dec 27 03:20:30 UTC 2025 - Actualización automática
Sat Dec 27 14:14:34 UTC 2025 - Actualización automática
Sat Dec 27 18:13:26 UTC 2025 - Actualización automática
Sun Dec 28 03:44:17 UTC 2025 - Actualización automática
Sun Dec 28 14:15:08 UTC 2025 - Actualización automática
Sun Dec 28 18:14:08 UTC 2025 - Actualización automática
Mon Dec 29 03:45:21 UTC 2025 - Actualización automática
Mon Dec 29 14:17:18 UTC 2025 - Actualización automática
Mon Dec 29 18:15:02 UTC 2025 - Actualización automática
Tue Dec 30 03:24:58 UTC 2025 - Actualización automática
Tue Dec 30 14:16:35 UTC 2025 - Actualización automática
Tue Dec 30 18:15:18 UTC 2025 - Actualización automática
Wed Dec 31 03:23:44 UTC 2025 - Actualización automática
Wed Dec 31 14:16:05 UTC 2025 - Actualización automática
Wed Dec 31 18:14:29 UTC 2025 - Actualización automática
Thu Jan  1 03:46:57 UTC 2026 - Actualización automática
Thu Jan  1 14:15:11 UTC 2026 - Actualización automática
Thu Jan  1 18:14:56 UTC 2026 - Actualización automática
Fri Jan  2 03:27:22 UTC 2026 - Actualización automática
Fri Jan  2 14:16:23 UTC 2026 - Actualización automática
Fri Jan  2 18:14:29 UTC 2026 - Actualización automática
Sat Jan  3 03:19:37 UTC 2026 - Actualización automática
Sat Jan  3 14:14:53 UTC 2026 - Actualización automática
Sat Jan  3 18:13:26 UTC 2026 - Actualización automática
Sun Jan  4 03:47:24 UTC 2026 - Actualización automática
Sun Jan  4 14:14:32 UTC 2026 - Actualización automática
Sun Jan  4 18:13:41 UTC 2026 - Actualización automática
Mon Jan  5 03:51:56 UTC 2026 - Actualización automática
Mon Jan  5 14:20:13 UTC 2026 - Actualización automática
Mon Jan  5 18:16:30 UTC 2026 - Actualización automática
Tue Jan  6 03:26:11 UTC 2026 - Actualización automática
Tue Jan  6 14:18:17 UTC 2026 - Actualización automática
Tue Jan  6 18:15:14 UTC 2026 - Actualización automática
Wed Jan  7 03:26:04 UTC 2026 - Actualización automática
Wed Jan  7 14:19:50 UTC 2026 - Actualización automática
Wed Jan  7 18:16:03 UTC 2026 - Actualización automática
Thu Jan  8 03:26:28 UTC 2026 - Actualización automática
Thu Jan  8 14:20:59 UTC 2026 - Actualización automática
Thu Jan  8 18:14:15 UTC 2026 - Actualización automática
Fri Jan  9 03:26:58 UTC 2026 - Actualización automática
Fri Jan  9 14:19:43 UTC 2026 - Actualización automática
Fri Jan  9 18:15:41 UTC 2026 - Actualización automática
Sat Jan 10 03:21:12 UTC 2026 - Actualización automática
Sat Jan 10 14:14:51 UTC 2026 - Actualización automática
Sat Jan 10 18:13:47 UTC 2026 - Actualización automática
Sun Jan 11 03:46:44 UTC 2026 - Actualización automática
Sun Jan 11 14:14:54 UTC 2026 - Actualización automática
Sun Jan 11 18:13:58 UTC 2026 - Actualización automática
Mon Jan 12 03:45:57 UTC 2026 - Actualización automática
Mon Jan 12 14:20:59 UTC 2026 - Actualización automática
Mon Jan 12 18:15:41 UTC 2026 - Actualización automática
Tue Jan 13 03:25:00 UTC 2026 - Actualización automática
Tue Jan 13 14:21:01 UTC 2026 - Actualización automática
Tue Jan 13 18:17:28 UTC 2026 - Actualización automática
Wed Jan 14 03:44:01 UTC 2026 - Actualización automática
Wed Jan 14 14:21:19 UTC 2026 - Actualización automática
Wed Jan 14 18:16:58 UTC 2026 - Actualización automática
Thu Jan 15 03:27:29 UTC 2026 - Actualización automática
Thu Jan 15 14:20:39 UTC 2026 - Actualización automática
Thu Jan 15 18:20:47 UTC 2026 - Actualización automática
Fri Jan 16 03:26:44 UTC 2026 - Actualización automática
Fri Jan 16 14:19:13 UTC 2026 - Actualización automática
Fri Jan 16 18:15:55 UTC 2026 - Actualización automática
Sat Jan 17 03:19:33 UTC 2026 - Actualización automática
Sat Jan 17 14:14:35 UTC 2026 - Actualización automática
Sat Jan 17 18:13:22 UTC 2026 - Actualización automática
Sun Jan 18 03:42:45 UTC 2026 - Actualización automática
Sun Jan 18 14:14:12 UTC 2026 - Actualización automática
Sun Jan 18 18:12:59 UTC 2026 - Actualización automática
Mon Jan 19 03:46:37 UTC 2026 - Actualización automática
Mon Jan 19 14:22:21 UTC 2026 - Actualización automática
Mon Jan 19 18:15:26 UTC 2026 - Actualización automática
Tue Jan 20 03:40:33 UTC 2026 - Actualización automática
Tue Jan 20 14:26:04 UTC 2026 - Actualización automática
Tue Jan 20 18:18:47 UTC 2026 - Actualización automática
Wed Jan 21 03:40:18 UTC 2026 - Actualización automática
Wed Jan 21 14:25:37 UTC 2026 - Actualización automática
Wed Jan 21 18:27:29 UTC 2026 - Actualización automática
Thu Jan 22 03:44:07 UTC 2026 - Actualización automática
Thu Jan 22 14:26:28 UTC 2026 - Actualización automática
Thu Jan 22 18:15:39 UTC 2026 - Actualización automática
Fri Jan 23 03:39:14 UTC 2026 - Actualización automática
Fri Jan 23 14:20:50 UTC 2026 - Actualización automática
Fri Jan 23 18:16:24 UTC 2026 - Actualización automática
Sat Jan 24 03:23:44 UTC 2026 - Actualización automática
Sat Jan 24 14:15:12 UTC 2026 - Actualización automática
Sat Jan 24 18:14:06 UTC 2026 - Actualización automática
Sun Jan 25 03:50:42 UTC 2026 - Actualización automática
Sun Jan 25 14:15:00 UTC 2026 - Actualización automática
Sun Jan 25 18:14:19 UTC 2026 - Actualización automática
Mon Jan 26 03:53:30 UTC 2026 - Actualización automática
Mon Jan 26 14:23:45 UTC 2026 - Actualización automática
Mon Jan 26 18:18:15 UTC 2026 - Actualización automática
Tue Jan 27 03:44:06 UTC 2026 - Actualización automática
Tue Jan 27 14:25:09 UTC 2026 - Actualización automática
Tue Jan 27 18:20:42 UTC 2026 - Actualización automática
Wed Jan 28 03:41:59 UTC 2026 - Actualización automática
Wed Jan 28 14:24:59 UTC 2026 - Actualización automática
Wed Jan 28 18:21:33 UTC 2026 - Actualización automática
Thu Jan 29 04:04:46 UTC 2026 - Actualización automática
Thu Jan 29 14:35:33 UTC 2026 - Actualización automática
Thu Jan 29 18:27:53 UTC 2026 - Actualización automática
Fri Jan 30 04:05:37 UTC 2026 - Actualización automática
Fri Jan 30 14:31:43 UTC 2026 - Actualización automática
Fri Jan 30 18:24:23 UTC 2026 - Actualización automática
Sat Jan 31 04:02:19 UTC 2026 - Actualización automática
Sat Jan 31 14:19:56 UTC 2026 - Actualización automática
Sat Jan 31 18:15:17 UTC 2026 - Actualización automática
Sun Feb  1 04:27:16 UTC 2026 - Actualización automática
Sun Feb  1 14:21:23 UTC 2026 - Actualización automática
Sun Feb  1 18:17:32 UTC 2026 - Actualización automática
Mon Feb  2 04:21:55 UTC 2026 - Actualización automática
Mon Feb  2 14:38:09 UTC 2026 - Actualización automática
Mon Feb  2 18:25:44 UTC 2026 - Actualización automática
Tue Feb  3 04:12:18 UTC 2026 - Actualización automática
Tue Feb  3 14:40:22 UTC 2026 - Actualización automática
Tue Feb  3 18:38:54 UTC 2026 - Actualización automática
Wed Feb  4 04:08:23 UTC 2026 - Actualización automática
Wed Feb  4 14:38:00 UTC 2026 - Actualización automática
Wed Feb  4 18:31:53 UTC 2026 - Actualización automática
Thu Feb  5 04:11:12 UTC 2026 - Actualización automática
Thu Feb  5 14:39:42 UTC 2026 - Actualización automática
Thu Feb  5 18:33:29 UTC 2026 - Actualización automática
Fri Feb  6 04:11:31 UTC 2026 - Actualización automática
Fri Feb  6 14:37:02 UTC 2026 - Actualización automática
Fri Feb  6 18:31:01 UTC 2026 - Actualización automática
Sat Feb  7 04:05:06 UTC 2026 - Actualización automática
Sat Feb  7 14:21:23 UTC 2026 - Actualización automática
Sat Feb  7 18:17:08 UTC 2026 - Actualización automática
Sun Feb  8 04:30:10 UTC 2026 - Actualización automática
Sun Feb  8 14:23:05 UTC 2026 - Actualización automática
Sun Feb  8 18:19:19 UTC 2026 - Actualización automática
Mon Feb  9 04:24:31 UTC 2026 - Actualización automática
Mon Feb  9 14:47:29 UTC 2026 - Actualización automática
Mon Feb  9 18:39:42 UTC 2026 - Actualización automática
Tue Feb 10 04:28:35 UTC 2026 - Actualización automática
Tue Feb 10 14:53:54 UTC 2026 - Actualización automática
Tue Feb 10 18:49:13 UTC 2026 - Actualización automática
Wed Feb 11 04:27:19 UTC 2026 - Actualización automática
Wed Feb 11 14:48:29 UTC 2026 - Actualización automática
Wed Feb 11 18:44:49 UTC 2026 - Actualización automática
Thu Feb 12 04:22:10 UTC 2026 - Actualización automática
Thu Feb 12 14:43:12 UTC 2026 - Actualización automática
Thu Feb 12 18:42:50 UTC 2026 - Actualización automática
Fri Feb 13 04:18:49 UTC 2026 - Actualización automática
Fri Feb 13 14:37:48 UTC 2026 - Actualización automática
Fri Feb 13 18:28:46 UTC 2026 - Actualización automática
Sat Feb 14 04:07:04 UTC 2026 - Actualización automática
Sat Feb 14 14:21:44 UTC 2026 - Actualización automática
Sat Feb 14 18:16:42 UTC 2026 - Actualización automática
Sun Feb 15 04:20:02 UTC 2026 - Actualización automática
Sun Feb 15 18:18:38 UTC 2026 - Actualización automática
Mon Feb 16 04:22:42 UTC 2026 - Actualización automática
Mon Feb 16 14:38:06 UTC 2026 - Actualización automática
Mon Feb 16 18:26:46 UTC 2026 - Actualización automática
Tue Feb 17 04:16:27 UTC 2026 - Actualización automática
Tue Feb 17 14:40:59 UTC 2026 - Actualización automática
Tue Feb 17 18:39:08 UTC 2026 - Actualización automática
Wed Feb 18 04:19:32 UTC 2026 - Actualización automática
Wed Feb 18 14:40:30 UTC 2026 - Actualización automática
Wed Feb 18 18:35:09 UTC 2026 - Actualización automática
Thu Feb 19 04:17:44 UTC 2026 - Actualización automática
Thu Feb 19 14:42:41 UTC 2026 - Actualización automática
Thu Feb 19 18:36:29 UTC 2026 - Actualización automática
Fri Feb 20 04:11:49 UTC 2026 - Actualización automática
Fri Feb 20 14:36:27 UTC 2026 - Actualización automática
Fri Feb 20 18:29:24 UTC 2026 - Actualización automática
Sat Feb 21 04:03:38 UTC 2026 - Actualización automática
Sat Feb 21 14:21:09 UTC 2026 - Actualización automática
Sat Feb 21 18:17:31 UTC 2026 - Actualización automática
Sun Feb 22 04:13:34 UTC 2026 - Actualización automática
Sun Feb 22 14:21:35 UTC 2026 - Actualización automática
Sun Feb 22 18:17:39 UTC 2026 - Actualización automática
Mon Feb 23 04:21:45 UTC 2026 - Actualización automática
Mon Feb 23 14:41:22 UTC 2026 - Actualización automática
Mon Feb 23 18:44:53 UTC 2026 - Actualización automática
Tue Feb 24 04:15:19 UTC 2026 - Actualización automática
Tue Feb 24 14:45:35 UTC 2026 - Actualización automática
Tue Feb 24 18:42:49 UTC 2026 - Actualización automática
Wed Feb 25 04:17:51 UTC 2026 - Actualización automática
Wed Feb 25 14:43:54 UTC 2026 - Actualización automática
Wed Feb 25 18:46:29 UTC 2026 - Actualización automática
Thu Feb 26 04:13:28 UTC 2026 - Actualización automática
Thu Feb 26 14:43:12 UTC 2026 - Actualización automática
Thu Feb 26 18:35:14 UTC 2026 - Actualización automática
Fri Feb 27 04:09:47 UTC 2026 - Actualización automática
Fri Feb 27 14:36:08 UTC 2026 - Actualización automática
Fri Feb 27 18:24:50 UTC 2026 - Actualización automática
Sat Feb 28 03:50:56 UTC 2026 - Actualización automática
Sat Feb 28 14:17:35 UTC 2026 - Actualización automática
Sat Feb 28 18:15:21 UTC 2026 - Actualización automática
Sun Mar  1 04:20:03 UTC 2026 - Actualización automática
Sun Mar  1 14:19:47 UTC 2026 - Actualización automática
Sun Mar  1 18:16:35 UTC 2026 - Actualización automática
Mon Mar  2 04:10:39 UTC 2026 - Actualización automática
Mon Mar  2 14:39:30 UTC 2026 - Actualización automática
Mon Mar  2 18:29:32 UTC 2026 - Actualización automática
Tue Mar  3 04:11:36 UTC 2026 - Actualización automática
Tue Mar  3 14:40:04 UTC 2026 - Actualización automática
Tue Mar  3 18:31:21 UTC 2026 - Actualización automática
Wed Mar  4 04:05:56 UTC 2026 - Actualización automática
Wed Mar  4 14:35:05 UTC 2026 - Actualización automática
Wed Mar  4 18:30:27 UTC 2026 - Actualización automática
Thu Mar  5 04:09:04 UTC 2026 - Actualización automática
Thu Mar  5 14:41:16 UTC 2026 - Actualización automática
Thu Mar  5 19:04:19 UTC 2026 - Actualización automática
Fri Mar  6 04:06:43 UTC 2026 - Actualización automática
Fri Mar  6 14:33:30 UTC 2026 - Actualización automática
Fri Mar  6 18:27:26 UTC 2026 - Actualización automática
Sat Mar  7 03:57:30 UTC 2026 - Actualización automática
Sat Mar  7 14:19:43 UTC 2026 - Actualización automática
Sat Mar  7 18:16:24 UTC 2026 - Actualización automática
Sun Mar  8 04:08:06 UTC 2026 - Actualización automática
Sun Mar  8 14:20:21 UTC 2026 - Actualización automática
Sun Mar  8 18:16:35 UTC 2026 - Actualización automática
Mon Mar  9 04:13:40 UTC 2026 - Actualización automática
Mon Mar  9 14:44:40 UTC 2026 - Actualización automática
Mon Mar  9 18:34:49 UTC 2026 - Actualización automática
Tue Mar 10 04:05:59 UTC 2026 - Actualización automática
Tue Mar 10 14:43:06 UTC 2026 - Actualización automática
Tue Mar 10 18:32:10 UTC 2026 - Actualización automática
Wed Mar 11 04:06:34 UTC 2026 - Actualización automática
Wed Mar 11 14:41:58 UTC 2026 - Actualización automática
Wed Mar 11 18:37:09 UTC 2026 - Actualización automática
Thu Mar 12 04:10:38 UTC 2026 - Actualización automática
Thu Mar 12 14:43:20 UTC 2026 - Actualización automática
Thu Mar 12 18:35:58 UTC 2026 - Actualización automática
Fri Mar 13 04:08:59 UTC 2026 - Actualización automática
Fri Mar 13 14:38:55 UTC 2026 - Actualización automática
Fri Mar 13 18:25:03 UTC 2026 - Actualización automática
Sat Mar 14 04:07:14 UTC 2026 - Actualización automática
Sat Mar 14 14:23:01 UTC 2026 - Actualización automática
Sat Mar 14 18:19:38 UTC 2026 - Actualización automática
Sun Mar 15 04:29:42 UTC 2026 - Actualización automática
Sun Mar 15 14:25:49 UTC 2026 - Actualización automática
Sun Mar 15 18:21:19 UTC 2026 - Actualización automática
Mon Mar 16 04:36:57 UTC 2026 - Actualización automática
Mon Mar 16 14:55:04 UTC 2026 - Actualización automática
Mon Mar 16 18:43:23 UTC 2026 - Actualización automática
Tue Mar 17 04:15:19 UTC 2026 - Actualización automática
Tue Mar 17 14:50:53 UTC 2026 - Actualización automática
Tue Mar 17 18:42:50 UTC 2026 - Actualización automática
Wed Mar 18 04:22:26 UTC 2026 - Actualización automática
Wed Mar 18 14:57:29 UTC 2026 - Actualización automática
Wed Mar 18 18:40:27 UTC 2026 - Actualización automática
Thu Mar 19 04:21:20 UTC 2026 - Actualización automática
Thu Mar 19 14:42:30 UTC 2026 - Actualización automática
Thu Mar 19 18:38:25 UTC 2026 - Actualización automática
Fri Mar 20 04:11:10 UTC 2026 - Actualización automática
Fri Mar 20 14:39:24 UTC 2026 - Actualización automática
Fri Mar 20 18:29:47 UTC 2026 - Actualización automática
Sat Mar 21 04:01:59 UTC 2026 - Actualización automática
Sat Mar 21 14:21:59 UTC 2026 - Actualización automática
Sat Mar 21 18:18:46 UTC 2026 - Actualización automática
Sun Mar 22 04:17:35 UTC 2026 - Actualización automática
Sun Mar 22 14:23:13 UTC 2026 - Actualización automática
Sun Mar 22 18:19:09 UTC 2026 - Actualización automática
Mon Mar 23 04:26:06 UTC 2026 - Actualización automática
Mon Mar 23 14:50:51 UTC 2026 - Actualización automática
Mon Mar 23 18:35:49 UTC 2026 - Actualización automática
Tue Mar 24 04:15:22 UTC 2026 - Actualización automática
Tue Mar 24 14:52:22 UTC 2026 - Actualización automática
Tue Mar 24 18:44:03 UTC 2026 - Actualización automática
Wed Mar 25 04:18:05 UTC 2026 - Actualización automática
Wed Mar 25 14:54:11 UTC 2026 - Actualización automática
Wed Mar 25 18:39:41 UTC 2026 - Actualización automática
Thu Mar 26 04:30:36 UTC 2026 - Actualización automática
Thu Mar 26 14:58:30 UTC 2026 - Actualización automática
Thu Mar 26 18:46:15 UTC 2026 - Actualización automática
Fri Mar 27 04:31:16 UTC 2026 - Actualización automática
Fri Mar 27 14:45:12 UTC 2026 - Actualización automática
Fri Mar 27 18:39:12 UTC 2026 - Actualización automática
Sat Mar 28 04:17:32 UTC 2026 - Actualización automática
Sat Mar 28 14:27:46 UTC 2026 - Actualización automática
Sat Mar 28 18:22:00 UTC 2026 - Actualización automática
Sun Mar 29 04:34:56 UTC 2026 - Actualización automática
Sun Mar 29 14:29:21 UTC 2026 - Actualización automática
Sun Mar 29 18:23:38 UTC 2026 - Actualización automática
Mon Mar 30 04:42:10 UTC 2026 - Actualización automática
Mon Mar 30 14:58:45 UTC 2026 - Actualización automática
Mon Mar 30 18:42:12 UTC 2026 - Actualización automática
Tue Mar 31 04:33:27 UTC 2026 - Actualización automática
Tue Mar 31 14:56:29 UTC 2026 - Actualización automática
Tue Mar 31 18:42:29 UTC 2026 - Actualización automática
Wed Apr  1 04:44:34 UTC 2026 - Actualización automática
Wed Apr  1 14:59:29 UTC 2026 - Actualización automática
Wed Apr  1 18:41:51 UTC 2026 - Actualización automática
Thu Apr  2 04:27:15 UTC 2026 - Actualización automática
Thu Apr  2 14:50:32 UTC 2026 - Actualización automática
Thu Apr  2 18:38:14 UTC 2026 - Actualización automática
Fri Apr  3 04:27:33 UTC 2026 - Actualización automática
Fri Apr  3 14:38:23 UTC 2026 - Actualización automática
Fri Apr  3 18:29:43 UTC 2026 - Actualización automática
Sat Apr  4 04:14:20 UTC 2026 - Actualización automática
Sat Apr  4 14:29:04 UTC 2026 - Actualización automática
Sat Apr  4 18:23:28 UTC 2026 - Actualización automática
Sun Apr  5 04:34:38 UTC 2026 - Actualización automática
Sun Apr  5 14:31:27 UTC 2026 - Actualización automática
Sun Apr  5 18:25:17 UTC 2026 - Actualización automática
Mon Apr  6 04:41:52 UTC 2026 - Actualización automática
Mon Apr  6 14:41:18 UTC 2026 - Actualización automática
Mon Apr  6 18:38:50 UTC 2026 - Actualización automática
Tue Apr  7 04:30:30 UTC 2026 - Actualización automática
Tue Apr  7 15:03:18 UTC 2026 - Actualización automática
Tue Apr  7 18:42:43 UTC 2026 - Actualización automática
Wed Apr  8 04:34:14 UTC 2026 - Actualización automática
Wed Apr  8 15:04:51 UTC 2026 - Actualización automática
Wed Apr  8 18:58:45 UTC 2026 - Actualización automática
Thu Apr  9 04:31:18 UTC 2026 - Actualización automática
Thu Apr  9 15:17:29 UTC 2026 - Actualización automática
Thu Apr  9 18:43:10 UTC 2026 - Actualización automática
Fri Apr 10 04:44:33 UTC 2026 - Actualización automática
Fri Apr 10 14:42:54 UTC 2026 - Actualización automática
Fri Apr 10 18:36:13 UTC 2026 - Actualización automática
Sat Apr 11 04:19:17 UTC 2026 - Actualización automática
Sat Apr 11 14:32:19 UTC 2026 - Actualización automática
Sat Apr 11 18:25:08 UTC 2026 - Actualización automática
Sun Apr 12 04:43:59 UTC 2026 - Actualización automática
Sun Apr 12 14:36:36 UTC 2026 - Actualización automática
Sun Apr 12 18:29:09 UTC 2026 - Actualización automática
Mon Apr 13 04:55:15 UTC 2026 - Actualización automática
Mon Apr 13 15:12:04 UTC 2026 - Actualización automática
Mon Apr 13 18:56:52 UTC 2026 - Actualización automática
Tue Apr 14 04:42:39 UTC 2026 - Actualización automática
Tue Apr 14 15:09:39 UTC 2026 - Actualización automática
Tue Apr 14 18:54:45 UTC 2026 - Actualización automática
Wed Apr 15 04:43:03 UTC 2026 - Actualización automática
Wed Apr 15 15:01:40 UTC 2026 - Actualización automática
Wed Apr 15 18:56:37 UTC 2026 - Actualización automática
Thu Apr 16 04:48:42 UTC 2026 - Actualización automática
Thu Apr 16 15:22:22 UTC 2026 - Actualización automática
Thu Apr 16 18:54:14 UTC 2026 - Actualización automática
Fri Apr 17 04:46:15 UTC 2026 - Actualización automática
Fri Apr 17 14:51:23 UTC 2026 - Actualización automática
Fri Apr 17 18:39:18 UTC 2026 - Actualización automática
Sat Apr 18 04:29:36 UTC 2026 - Actualización automática
Sat Apr 18 14:36:42 UTC 2026 - Actualización automática
Sat Apr 18 18:29:52 UTC 2026 - Actualización automática
Sun Apr 19 04:47:54 UTC 2026 - Actualización automática
Sun Apr 19 14:37:09 UTC 2026 - Actualización automática
Sun Apr 19 18:30:14 UTC 2026 - Actualización automática
Mon Apr 20 04:55:06 UTC 2026 - Actualización automática
Mon Apr 20 15:13:13 UTC 2026 - Actualización automática
Mon Apr 20 18:46:48 UTC 2026 - Actualización automática
Tue Apr 21 04:45:45 UTC 2026 - Actualización automática
Tue Apr 21 15:07:39 UTC 2026 - Actualización automática
Tue Apr 21 18:52:54 UTC 2026 - Actualización automática
Wed Apr 22 04:43:36 UTC 2026 - Actualización automática
Wed Apr 22 15:08:31 UTC 2026 - Actualización automática
Wed Apr 22 18:54:10 UTC 2026 - Actualización automática
Thu Apr 23 04:47:35 UTC 2026 - Actualización automática
Thu Apr 23 15:47:50 UTC 2026 - Actualización automática
Thu Apr 23 18:50:55 UTC 2026 - Actualización automática
Fri Apr 24 04:51:48 UTC 2026 - Actualización automática
Fri Apr 24 15:03:50 UTC 2026 - Actualización automática
Fri Apr 24 18:33:35 UTC 2026 - Actualización automática
Sat Apr 25 04:33:35 UTC 2026 - Actualización automática
Sat Apr 25 14:38:03 UTC 2026 - Actualización automática
Sat Apr 25 18:32:04 UTC 2026 - Actualización automática
